
Linker Version 8.7.5.171218
Input Object File: C:\FOWCOMM\Realtek IOT\Ameba SOC applications\ReedSW2side\MAIN.OBJ

Input Library File: C:\Program Files\Holtek MCU Development Tools\HT-IDE3000V7.x\LIB\MATH6.LIB
Input Library File: C:\Program Files\Holtek MCU Development Tools\HT-IDE3000V7.x\LIB\time_mrsc.lib
Input Library File: C:\Program Files\Holtek MCU Development Tools\HT-IDE3000V7.x\LIB\ctype_mrsc.lib
Input Library File: C:\Program Files\Holtek MCU Development Tools\HT-IDE3000V7.x\LIB\math_mrsc.lib
Input Library File: C:\Program Files\Holtek MCU Development Tools\HT-IDE3000V7.x\LIB\stdlib_mrsc.lib
Input Library File: C:\Program Files\Holtek MCU Development Tools\HT-IDE3000V7.x\LIB\string_mrsc.lib


     Bank    Start     End      Length     Class    AvgIns    Name
     00h     0000h     0002h    0003h      CODE               @CODE (C:\FOWCOMM\Realtek IOT\Ameba SOC applications\ReedSW2side\MAIN.OBJ)
     00h     0003h     0009h    0007h      CODE               @Get_Out (C:\FOWCOMM\Realtek IOT\Ameba SOC applications\ReedSW2side\MAIN.OBJ)
     00h     000ah     000ah    0001h      CODE               STARTSEC (C:\FOWCOMM\Realtek IOT\Ameba SOC applications\ReedSW2side\MAIN.OBJ)
     00h     0010h     0010h    0001h      CODE               @@timer0_isr (C:\FOWCOMM\Realtek IOT\Ameba SOC applications\ReedSW2side\MAIN.OBJ)
     00h     0011h     0028h    0018h      CODE               @MAIN (C:\FOWCOMM\Realtek IOT\Ameba SOC applications\ReedSW2side\MAIN.OBJ)
     00h     0029h     0056h    002eh      CODE               @ScanKey (C:\FOWCOMM\Realtek IOT\Ameba SOC applications\ReedSW2side\MAIN.OBJ)
     00h     0057h     0060h    000ah      CODE               @timer0_isr (C:\FOWCOMM\Realtek IOT\Ameba SOC applications\ReedSW2side\MAIN.OBJ)
     00h     0061h     006bh    000bh      CODE               @ClearRAM (C:\FOWCOMM\Realtek IOT\Ameba SOC applications\ReedSW2side\MAIN.OBJ)
     00h     0040h     0040h    0001h      DATA     4         @OutCnt (C:\FOWCOMM\Realtek IOT\Ameba SOC applications\ReedSW2side\MAIN.OBJ)
     00h     0041h     0041h    0001h      DATA     4         @SwCnt (C:\FOWCOMM\Realtek IOT\Ameba SOC applications\ReedSW2side\MAIN.OBJ)
     00h     0042h     0042h    0001h      DATA     3         @RbBuf (C:\FOWCOMM\Realtek IOT\Ameba SOC applications\ReedSW2side\MAIN.OBJ)
     00h     0043h     0043h    0001h      DATA     4         @Rb (C:\FOWCOMM\Realtek IOT\Ameba SOC applications\ReedSW2side\MAIN.OBJ)
     00h     0044h     0044h    0001h      DATA     13        BITDATASEC (C:\FOWCOMM\Realtek IOT\Ameba SOC applications\ReedSW2side\MAIN.OBJ)
     00h     0045h     0046h    0002h      DATA     2         CTMPDATA (C:\Program Files\Holtek MCU Development Tools\HT-IDE3000V7.x\LIB\MATH6.LIB)

     Local Sections

     Bank    Start     End      Length     Class    AvgIns    Name
     00h     0047h     0047h    0000h      LOCAL    0         @DUMMY (C:\FOWCOMM\Realtek IOT\Ameba SOC applications\ReedSW2side\MAIN.OBJ)
     00h     0047h     0047h    0000h      LOCAL    0         _main (C:\FOWCOMM\Realtek IOT\Ameba SOC applications\ReedSW2side\MAIN.OBJ)
     00h     0047h     0047h    0000h      LOCAL    0         _ClearRAM (C:\FOWCOMM\Realtek IOT\Ameba SOC applications\ReedSW2side\MAIN.OBJ)
     00h     0047h     0047h    0000h      LOCAL    0         _ScanKey (C:\FOWCOMM\Realtek IOT\Ameba SOC applications\ReedSW2side\MAIN.OBJ)
     00h     0047h     0047h    0000h      LOCAL    0         _Get_Out (C:\FOWCOMM\Realtek IOT\Ameba SOC applications\ReedSW2side\MAIN.OBJ)

     Indepentent Local Sections

     Bank    Start     End      Length     Class    AvgIns    Name
     00h     0047h     0047h    0000h      ILOCAL   0         _timer0_isr (C:\FOWCOMM\Realtek IOT\Ameba SOC applications\ReedSW2side\MAIN.OBJ)

     Public Symbols Information
     Address            Public by Name
     0045h              V4A
     0046h              V4S
     0061h              _ClearRAM
     0003h              _Get_Out
     0044h[0]           _Get_Out_F
     0040h              _OutCnt
     0043h              _Rb
     0042h              _RbBuf
     0029h              _ScanKey
     0044h[3]           _ScanKey_F
     0041h              _SwCnt
     0044h[1]           _first_high_F
     0044h[2]           _first_low_F

     Address            Public by Value
     0003h              _Get_Out
     0029h              _ScanKey
     0040h              _OutCnt
     0041h              _SwCnt
     0042h              _RbBuf
     0043h              _Rb
     0045h              V4A
     0046h              V4S
     0061h              _ClearRAM
     0044h[0]           _Get_Out_F
     0044h[1]           _first_high_F
     0044h[2]           _first_low_F
     0044h[3]           _ScanKey_F


ROM Usage Statistics
     Size      Used     Percentage
     0400h     0067h    10%

RAM Usage Statistics
    Bank      Size      Used     Percentage
     00h       0040h     0007h    10%
     Total     0040h     0007h    10%

Use Stack Count
_main: 1

Call Tree
    @DUMMY
        _main (0)
            _ClearRAM (1)
            _ScanKey (1)
            _Get_Out (1)

HLINK: Program entry point at section '@CODE' (address 0) of file 'C:\FOWCOMM\Realtek IOT\Ameba SOC applications\ReedSW2side\MAIN.OBJ'

Total 0 error(s), Total 0 Warning(s)
